// Jest Snapshot v1, https://goo.gl/fbAQLP

exports[`render code node with default rules renders the document 1`] = `"alert(1);"`;

exports[`render simple dast with no links/blocks with custom rules renders the document 1`] = `"Heading 1: That is a title!"`;

exports[`render simple dast with no links/blocks with default rules renders the document 1`] = `"This is a title!"`;

exports[`render with links/blocks with default rules renders the document 1`] = `"This is a title How to code here! Foo bar. â€” Mark Smith"`;

exports[`render with links/blocks with missing renderInlineRecord skips the node 1`] = `"This is a title here!"`;

exports[`render with no value renders null 1`] = `null`;
